2025-12-31 00:32:00 [main] INFO  o.m.ProjectSpringbatchApplication - Starting ProjectSpringbatchApplication using Java 21.0.3 with PID 9596 (C:\Users\Hp\Desktop\s5\spectateur-spring-batch-main\target\classes started by Hp in C:\Users\Hp\Desktop\s5\spectateur-spring-batch-main)
2025-12-31 00:32:00 [main] INFO  o.m.ProjectSpringbatchApplication - No active profile set, falling back to 1 default profile: "default"
2025-12-31 00:32:03 [main] INFO  o.s.boot.tomcat.TomcatWebServer - Tomcat initialized with port 8080 (http)
2025-12-31 00:32:03 [main] INFO  o.a.coyote.http11.Http11NioProtocol - Initializing ProtocolHandler ["http-nio-8080"]
2025-12-31 00:32:03 [main] INFO  o.a.catalina.core.StandardService - Starting service [Tomcat]
2025-12-31 00:32:03 [main] INFO  o.a.catalina.core.StandardEngine - Starting Servlet engine: [Apache Tomcat/11.0.14]
2025-12-31 00:32:03 [main] INFO  o.s.b.w.c.s.WebApplicationContextInitializer - Root WebApplicationContext: initialization completed in 3197 ms
2025-12-31 00:32:05 [main] INFO  o.s.o.j.p.SpringPersistenceUnitInfo - No LoadTimeWeaver setup: ignoring JPA class transformer
2025-12-31 00:32:05 [main] INFO  com.zaxxer.hikari.HikariDataSource - HikariPool-1 - Starting...
2025-12-31 00:32:05 [main] INFO  com.zaxxer.hikari.pool.HikariPool - HikariPool-1 - Added connection org.postgresql.jdbc.PgConnection@612bb755
2025-12-31 00:32:05 [main] INFO  com.zaxxer.hikari.HikariDataSource - HikariPool-1 - Start completed.
2025-12-31 00:32:06 [main] WARN  org.hibernate.orm.deprecation - HHH90000025: PostgreSQLDialect does not need to be specified explicitly using 'hibernate.dialect' (remove the property setting and it will be selected by default)
2025-12-31 00:32:08 [main] INFO  o.s.o.j.LocalContainerEntityManagerFactoryBean - Initialized JPA EntityManagerFactory for persistence unit 'default'
2025-12-31 00:32:09 [main] WARN  o.s.b.j.a.JpaBaseConfiguration$JpaWebConfiguration - spring.jpa.open-in-view is enabled by default. Therefore, database queries may be performed during view rendering. Explicitly configure spring.jpa.open-in-view to disable this warning
2025-12-31 00:32:10 [main] INFO  o.s.b.a.e.web.EndpointLinksResolver - Exposing 1 endpoint beneath base path '/actuator'
2025-12-31 00:32:10 [main] INFO  o.a.coyote.http11.Http11NioProtocol - Starting ProtocolHandler ["http-nio-8080"]
2025-12-31 00:32:10 [main] INFO  o.s.boot.tomcat.TomcatWebServer - Tomcat started on port 8080 (http) with context path '/'
2025-12-31 00:32:10 [main] INFO  o.m.ProjectSpringbatchApplication - Started ProjectSpringbatchApplication in 11.251 seconds (process running for 12.764)
2025-12-31 00:32:11 [RMI TCP Connection(3)-10.251.248.63] INFO  o.a.c.c.C.[Tomcat].[localhost].[/] - Initializing Spring DispatcherServlet 'dispatcherServlet'
2025-12-31 00:32:11 [RMI TCP Connection(3)-10.251.248.63] INFO  o.s.web.servlet.DispatcherServlet - Initializing Servlet 'dispatcherServlet'
2025-12-31 00:32:11 [RMI TCP Connection(3)-10.251.248.63] INFO  o.s.web.servlet.DispatcherServlet - Completed initialization in 3 ms
2025-12-31 00:32:58 [http-nio-8080-exec-1] INFO  o.s.b.c.l.s.TaskExecutorJobLauncher - Job: [SimpleJob: [name=spectateurJob]] launched with the following parameters: [{JobParameter{name='run.id', value=1767137578180, type=class java.lang.Long, identifying=true}}]
2025-12-31 00:32:58 [http-nio-8080-exec-1] INFO  o.s.batch.core.job.SimpleStepHandler - Executing step: [xmlStep]
2025-12-31 00:32:59 [http-nio-8080-exec-1] INFO  o.s.batch.core.step.AbstractStep - Step: [xmlStep] executed in 1s182ms
2025-12-31 00:32:59 [http-nio-8080-exec-1] INFO  o.s.batch.core.job.SimpleStepHandler - Executing step: [jsonStep]
2025-12-31 00:32:59 [http-nio-8080-exec-1] INFO  o.s.batch.core.step.AbstractStep - Step: [jsonStep] executed in 221ms
2025-12-31 00:32:59 [http-nio-8080-exec-1] INFO  o.s.batch.core.job.SimpleStepHandler - Executing step: [statisticsStep]
2025-12-31 00:33:00 [http-nio-8080-exec-1] INFO  o.s.batch.core.step.AbstractStep - Step: [statisticsStep] executed in 727ms
2025-12-31 00:33:00 [http-nio-8080-exec-1] INFO  o.s.b.c.l.s.TaskExecutorJobLauncher - Job: [SimpleJob: [name=spectateurJob]] completed with the following parameters: [{JobParameter{name='run.id', value=1767137578180, type=class java.lang.Long, identifying=true}}] and the following status: [COMPLETED] in 2s140ms
2025-12-31 00:35:02 [SpringApplicationShutdownHook] INFO  o.s.boot.tomcat.GracefulShutdown - Commencing graceful shutdown. Waiting for active requests to complete
2025-12-31 00:35:02 [tomcat-shutdown] INFO  o.s.boot.tomcat.GracefulShutdown - Graceful shutdown complete
2025-12-31 00:35:02 [SpringApplicationShutdownHook] INFO  o.s.o.j.LocalContainerEntityManagerFactoryBean - Closing JPA EntityManagerFactory for persistence unit 'default'
2025-12-31 00:35:02 [SpringApplicationShutdownHook] INFO  com.zaxxer.hikari.HikariDataSource - HikariPool-1 - Shutdown initiated...
2025-12-31 00:35:02 [SpringApplicationShutdownHook] INFO  com.zaxxer.hikari.HikariDataSource - HikariPool-1 - Shutdown completed.
2025-12-31 00:35:09 [main] INFO  o.m.ProjectSpringbatchApplication - Starting ProjectSpringbatchApplication using Java 21.0.3 with PID 24188 (C:\Users\Hp\Desktop\s5\spectateur-spring-batch-main\target\classes started by Hp in C:\Users\Hp\Desktop\s5\spectateur-spring-batch-main)
2025-12-31 00:35:09 [main] INFO  o.m.ProjectSpringbatchApplication - No active profile set, falling back to 1 default profile: "default"
2025-12-31 00:35:11 [main] INFO  o.s.boot.tomcat.TomcatWebServer - Tomcat initialized with port 8080 (http)
2025-12-31 00:35:11 [main] INFO  o.a.coyote.http11.Http11NioProtocol - Initializing ProtocolHandler ["http-nio-8080"]
2025-12-31 00:35:11 [main] INFO  o.a.catalina.core.StandardService - Starting service [Tomcat]
2025-12-31 00:35:11 [main] INFO  o.a.catalina.core.StandardEngine - Starting Servlet engine: [Apache Tomcat/11.0.14]
2025-12-31 00:35:11 [main] INFO  o.s.b.w.c.s.WebApplicationContextInitializer - Root WebApplicationContext: initialization completed in 1918 ms
2025-12-31 00:35:12 [main] INFO  o.s.o.j.p.SpringPersistenceUnitInfo - No LoadTimeWeaver setup: ignoring JPA class transformer
2025-12-31 00:35:12 [main] INFO  com.zaxxer.hikari.HikariDataSource - HikariPool-1 - Starting...
2025-12-31 00:35:12 [main] INFO  com.zaxxer.hikari.pool.HikariPool - HikariPool-1 - Added connection org.postgresql.jdbc.PgConnection@679f59f1
2025-12-31 00:35:12 [main] INFO  com.zaxxer.hikari.HikariDataSource - HikariPool-1 - Start completed.
2025-12-31 00:35:12 [main] WARN  org.hibernate.orm.deprecation - HHH90000025: PostgreSQLDialect does not need to be specified explicitly using 'hibernate.dialect' (remove the property setting and it will be selected by default)
2025-12-31 00:35:13 [main] INFO  o.s.o.j.LocalContainerEntityManagerFactoryBean - Initialized JPA EntityManagerFactory for persistence unit 'default'
2025-12-31 00:35:14 [main] WARN  o.s.b.j.a.JpaBaseConfiguration$JpaWebConfiguration - spring.jpa.open-in-view is enabled by default. Therefore, database queries may be performed during view rendering. Explicitly configure spring.jpa.open-in-view to disable this warning
2025-12-31 00:35:15 [main] INFO  o.s.b.a.e.web.EndpointLinksResolver - Exposing 1 endpoint beneath base path '/actuator'
2025-12-31 00:35:15 [main] INFO  o.a.coyote.http11.Http11NioProtocol - Starting ProtocolHandler ["http-nio-8080"]
2025-12-31 00:35:15 [main] INFO  o.s.boot.tomcat.TomcatWebServer - Tomcat started on port 8080 (http) with context path '/'
2025-12-31 00:35:15 [main] INFO  o.m.ProjectSpringbatchApplication - Started ProjectSpringbatchApplication in 7.054 seconds (process running for 8.216)
2025-12-31 00:35:15 [RMI TCP Connection(3)-10.251.248.63] INFO  o.a.c.c.C.[Tomcat].[localhost].[/] - Initializing Spring DispatcherServlet 'dispatcherServlet'
2025-12-31 00:35:15 [RMI TCP Connection(3)-10.251.248.63] INFO  o.s.web.servlet.DispatcherServlet - Initializing Servlet 'dispatcherServlet'
2025-12-31 00:35:15 [RMI TCP Connection(3)-10.251.248.63] INFO  o.s.web.servlet.DispatcherServlet - Completed initialization in 2 ms
2025-12-31 00:35:34 [http-nio-8080-exec-1] INFO  o.s.b.c.l.s.TaskExecutorJobLauncher - Job: [SimpleJob: [name=spectateurJob]] launched with the following parameters: [{JobParameter{name='run.id', value=1767137734662, type=class java.lang.Long, identifying=true}}]
2025-12-31 00:35:34 [http-nio-8080-exec-1] INFO  o.s.batch.core.job.SimpleStepHandler - Executing step: [xmlStep]
2025-12-31 00:35:35 [http-nio-8080-exec-1] INFO  o.s.batch.core.step.AbstractStep - Step: [xmlStep] executed in 916ms
2025-12-31 00:35:35 [http-nio-8080-exec-1] INFO  o.s.batch.core.job.SimpleStepHandler - Executing step: [jsonStep]
2025-12-31 00:35:35 [http-nio-8080-exec-1] INFO  o.s.batch.core.step.AbstractStep - Step: [jsonStep] executed in 212ms
2025-12-31 00:35:35 [http-nio-8080-exec-1] INFO  o.s.batch.core.job.SimpleStepHandler - Executing step: [statisticsStep]
2025-12-31 00:35:36 [http-nio-8080-exec-1] INFO  o.s.batch.core.step.AbstractStep - Step: [statisticsStep] executed in 632ms
2025-12-31 00:35:36 [http-nio-8080-exec-1] INFO  o.s.b.c.l.s.TaskExecutorJobLauncher - Job: [SimpleJob: [name=spectateurJob]] completed with the following parameters: [{JobParameter{name='run.id', value=1767137734662, type=class java.lang.Long, identifying=true}}] and the following status: [COMPLETED] in 1s765ms
2025-12-31 00:36:34 [SpringApplicationShutdownHook] INFO  o.s.boot.tomcat.GracefulShutdown - Commencing graceful shutdown. Waiting for active requests to complete
2025-12-31 00:36:34 [tomcat-shutdown] INFO  o.s.boot.tomcat.GracefulShutdown - Graceful shutdown complete
2025-12-31 00:36:34 [SpringApplicationShutdownHook] INFO  o.s.o.j.LocalContainerEntityManagerFactoryBean - Closing JPA EntityManagerFactory for persistence unit 'default'
2025-12-31 00:36:34 [SpringApplicationShutdownHook] INFO  com.zaxxer.hikari.HikariDataSource - HikariPool-1 - Shutdown initiated...
2025-12-31 00:36:34 [SpringApplicationShutdownHook] INFO  com.zaxxer.hikari.HikariDataSource - HikariPool-1 - Shutdown completed.
2025-12-31 12:19:51 [main] INFO  o.m.ProjectSpringbatchApplication - Starting ProjectSpringbatchApplication using Java 21.0.3 with PID 23956 (C:\Users\Hp\Desktop\s5\spectateur-spring-batch-main\target\classes started by Hp in C:\Users\Hp\Desktop\s5\spectateur-spring-batch-main)
2025-12-31 12:19:51 [main] INFO  o.m.ProjectSpringbatchApplication - No active profile set, falling back to 1 default profile: "default"
2025-12-31 12:19:54 [main] INFO  o.s.boot.tomcat.TomcatWebServer - Tomcat initialized with port 8080 (http)
2025-12-31 12:19:54 [main] INFO  o.a.coyote.http11.Http11NioProtocol - Initializing ProtocolHandler ["http-nio-8080"]
2025-12-31 12:19:54 [main] INFO  o.a.catalina.core.StandardService - Starting service [Tomcat]
2025-12-31 12:19:54 [main] INFO  o.a.catalina.core.StandardEngine - Starting Servlet engine: [Apache Tomcat/11.0.14]
2025-12-31 12:19:54 [main] INFO  o.s.b.w.c.s.WebApplicationContextInitializer - Root WebApplicationContext: initialization completed in 2682 ms
2025-12-31 12:19:56 [main] INFO  o.s.o.j.p.SpringPersistenceUnitInfo - No LoadTimeWeaver setup: ignoring JPA class transformer
2025-12-31 12:19:56 [main] INFO  com.zaxxer.hikari.HikariDataSource - HikariPool-1 - Starting...
2025-12-31 12:19:56 [main] INFO  com.zaxxer.hikari.pool.HikariPool - HikariPool-1 - Added connection org.postgresql.jdbc.PgConnection@10fc1a22
2025-12-31 12:19:56 [main] INFO  com.zaxxer.hikari.HikariDataSource - HikariPool-1 - Start completed.
2025-12-31 12:19:56 [main] WARN  org.hibernate.orm.deprecation - HHH90000025: PostgreSQLDialect does not need to be specified explicitly using 'hibernate.dialect' (remove the property setting and it will be selected by default)
2025-12-31 12:19:58 [main] INFO  o.s.o.j.LocalContainerEntityManagerFactoryBean - Initialized JPA EntityManagerFactory for persistence unit 'default'
2025-12-31 12:20:00 [main] WARN  o.s.b.j.a.JpaBaseConfiguration$JpaWebConfiguration - spring.jpa.open-in-view is enabled by default. Therefore, database queries may be performed during view rendering. Explicitly configure spring.jpa.open-in-view to disable this warning
2025-12-31 12:20:01 [main] INFO  o.s.b.a.e.web.EndpointLinksResolver - Exposing 1 endpoint beneath base path '/actuator'
2025-12-31 12:20:01 [main] INFO  o.a.coyote.http11.Http11NioProtocol - Starting ProtocolHandler ["http-nio-8080"]
2025-12-31 12:20:01 [main] INFO  o.s.boot.tomcat.TomcatWebServer - Tomcat started on port 8080 (http) with context path '/'
2025-12-31 12:20:01 [main] INFO  o.m.ProjectSpringbatchApplication - Started ProjectSpringbatchApplication in 11.108 seconds (process running for 12.871)
2025-12-31 12:20:02 [RMI TCP Connection(2)-172.22.192.1] INFO  o.a.c.c.C.[Tomcat].[localhost].[/] - Initializing Spring DispatcherServlet 'dispatcherServlet'
2025-12-31 12:20:02 [RMI TCP Connection(2)-172.22.192.1] INFO  o.s.web.servlet.DispatcherServlet - Initializing Servlet 'dispatcherServlet'
2025-12-31 12:20:02 [RMI TCP Connection(2)-172.22.192.1] INFO  o.s.web.servlet.DispatcherServlet - Completed initialization in 6 ms
2025-12-31 12:20:09 [http-nio-8080-exec-1] INFO  o.s.b.c.l.s.TaskExecutorJobLauncher - Job: [SimpleJob: [name=spectateurJob]] launched with the following parameters: [{JobParameter{name='run.id', value=1767180009107, type=class java.lang.Long, identifying=true}}]
2025-12-31 12:20:09 [http-nio-8080-exec-1] INFO  o.s.batch.core.job.SimpleStepHandler - Executing step: [xmlStep]
2025-12-31 12:20:10 [http-nio-8080-exec-1] INFO  o.s.batch.core.step.AbstractStep - Step: [xmlStep] executed in 989ms
2025-12-31 12:20:10 [http-nio-8080-exec-1] INFO  o.s.batch.core.job.SimpleStepHandler - Executing step: [jsonStep]
2025-12-31 12:20:10 [http-nio-8080-exec-1] INFO  o.s.batch.core.step.AbstractStep - Step: [jsonStep] executed in 425ms
2025-12-31 12:20:10 [http-nio-8080-exec-1] INFO  o.s.batch.core.job.SimpleStepHandler - Executing step: [statisticsStep]
2025-12-31 12:20:11 [http-nio-8080-exec-1] INFO  o.s.batch.core.step.AbstractStep - Step: [statisticsStep] executed in 900ms
2025-12-31 12:20:11 [http-nio-8080-exec-1] INFO  o.s.b.c.l.s.TaskExecutorJobLauncher - Job: [SimpleJob: [name=spectateurJob]] completed with the following parameters: [{JobParameter{name='run.id', value=1767180009107, type=class java.lang.Long, identifying=true}}] and the following status: [COMPLETED] in 2s326ms
2025-12-31 12:21:29 [SpringApplicationShutdownHook] INFO  o.s.boot.tomcat.GracefulShutdown - Commencing graceful shutdown. Waiting for active requests to complete
2025-12-31 12:21:29 [tomcat-shutdown] INFO  o.s.boot.tomcat.GracefulShutdown - Graceful shutdown complete
2025-12-31 12:21:29 [SpringApplicationShutdownHook] INFO  o.s.o.j.LocalContainerEntityManagerFactoryBean - Closing JPA EntityManagerFactory for persistence unit 'default'
2025-12-31 12:21:29 [SpringApplicationShutdownHook] INFO  com.zaxxer.hikari.HikariDataSource - HikariPool-1 - Shutdown initiated...
2025-12-31 12:21:29 [SpringApplicationShutdownHook] INFO  com.zaxxer.hikari.HikariDataSource - HikariPool-1 - Shutdown completed.
2025-12-31 12:23:06 [main] INFO  o.m.ProjectSpringbatchApplication - Starting ProjectSpringbatchApplication using Java 21.0.3 with PID 26408 (C:\Users\Hp\Desktop\s5\spectateur-spring-batch-main\target\classes started by Hp in C:\Users\Hp\Desktop\s5\spectateur-spring-batch-main)
2025-12-31 12:23:06 [main] INFO  o.m.ProjectSpringbatchApplication - No active profile set, falling back to 1 default profile: "default"
2025-12-31 12:23:08 [main] INFO  o.s.boot.tomcat.TomcatWebServer - Tomcat initialized with port 8080 (http)
2025-12-31 12:23:08 [main] INFO  o.a.coyote.http11.Http11NioProtocol - Initializing ProtocolHandler ["http-nio-8080"]
2025-12-31 12:23:08 [main] INFO  o.a.catalina.core.StandardService - Starting service [Tomcat]
2025-12-31 12:23:08 [main] INFO  o.a.catalina.core.StandardEngine - Starting Servlet engine: [Apache Tomcat/11.0.14]
2025-12-31 12:23:09 [main] INFO  o.s.b.w.c.s.WebApplicationContextInitializer - Root WebApplicationContext: initialization completed in 2406 ms
2025-12-31 12:23:10 [main] INFO  o.s.o.j.p.SpringPersistenceUnitInfo - No LoadTimeWeaver setup: ignoring JPA class transformer
2025-12-31 12:23:10 [main] INFO  com.zaxxer.hikari.HikariDataSource - HikariPool-1 - Starting...
2025-12-31 12:23:10 [main] INFO  com.zaxxer.hikari.pool.HikariPool - HikariPool-1 - Added connection org.postgresql.jdbc.PgConnection@3a0e7f89
2025-12-31 12:23:10 [main] INFO  com.zaxxer.hikari.HikariDataSource - HikariPool-1 - Start completed.
2025-12-31 12:23:10 [main] WARN  org.hibernate.orm.deprecation - HHH90000025: PostgreSQLDialect does not need to be specified explicitly using 'hibernate.dialect' (remove the property setting and it will be selected by default)
2025-12-31 12:23:12 [main] INFO  o.s.o.j.LocalContainerEntityManagerFactoryBean - Initialized JPA EntityManagerFactory for persistence unit 'default'
2025-12-31 12:23:14 [main] WARN  o.s.b.j.a.JpaBaseConfiguration$JpaWebConfiguration - spring.jpa.open-in-view is enabled by default. Therefore, database queries may be performed during view rendering. Explicitly configure spring.jpa.open-in-view to disable this warning
2025-12-31 12:23:15 [main] INFO  o.s.b.a.e.web.EndpointLinksResolver - Exposing 1 endpoint beneath base path '/actuator'
2025-12-31 12:23:15 [main] INFO  o.a.coyote.http11.Http11NioProtocol - Starting ProtocolHandler ["http-nio-8080"]
2025-12-31 12:23:15 [main] INFO  o.s.boot.tomcat.TomcatWebServer - Tomcat started on port 8080 (http) with context path '/'
2025-12-31 12:23:15 [main] INFO  o.m.ProjectSpringbatchApplication - Started ProjectSpringbatchApplication in 10.194 seconds (process running for 11.776)
2025-12-31 12:23:15 [RMI TCP Connection(3)-172.22.192.1] INFO  o.a.c.c.C.[Tomcat].[localhost].[/] - Initializing Spring DispatcherServlet 'dispatcherServlet'
2025-12-31 12:23:15 [RMI TCP Connection(3)-172.22.192.1] INFO  o.s.web.servlet.DispatcherServlet - Initializing Servlet 'dispatcherServlet'
2025-12-31 12:23:15 [RMI TCP Connection(3)-172.22.192.1] INFO  o.s.web.servlet.DispatcherServlet - Completed initialization in 3 ms
2025-12-31 12:23:22 [http-nio-8080-exec-1] INFO  o.s.b.c.l.s.TaskExecutorJobLauncher - Job: [SimpleJob: [name=spectateurJob]] launched with the following parameters: [{JobParameter{name='run.id', value=1767180202328, type=class java.lang.Long, identifying=true}}]
2025-12-31 12:23:22 [http-nio-8080-exec-1] INFO  o.s.batch.core.job.SimpleStepHandler - Executing step: [xmlStep]
2025-12-31 12:23:23 [http-nio-8080-exec-1] INFO  o.s.batch.core.step.AbstractStep - Step: [xmlStep] executed in 1s573ms
2025-12-31 12:23:23 [http-nio-8080-exec-1] INFO  o.s.batch.core.job.SimpleStepHandler - Executing step: [jsonStep]
2025-12-31 12:23:24 [http-nio-8080-exec-1] INFO  o.s.batch.core.step.AbstractStep - Step: [jsonStep] executed in 450ms
2025-12-31 12:23:24 [http-nio-8080-exec-1] INFO  o.s.batch.core.job.SimpleStepHandler - Executing step: [statisticsStep]
2025-12-31 12:23:25 [http-nio-8080-exec-1] INFO  o.s.batch.core.step.AbstractStep - Step: [statisticsStep] executed in 1s143ms
2025-12-31 12:23:25 [http-nio-8080-exec-1] INFO  o.s.b.c.l.s.TaskExecutorJobLauncher - Job: [SimpleJob: [name=spectateurJob]] completed with the following parameters: [{JobParameter{name='run.id', value=1767180202328, type=class java.lang.Long, identifying=true}}] and the following status: [COMPLETED] in 3s174ms
2025-12-31 12:23:30 [SpringApplicationShutdownHook] INFO  o.s.boot.tomcat.GracefulShutdown - Commencing graceful shutdown. Waiting for active requests to complete
2025-12-31 12:23:30 [tomcat-shutdown] INFO  o.s.boot.tomcat.GracefulShutdown - Graceful shutdown complete
2025-12-31 12:23:30 [SpringApplicationShutdownHook] INFO  o.s.o.j.LocalContainerEntityManagerFactoryBean - Closing JPA EntityManagerFactory for persistence unit 'default'
2025-12-31 12:23:30 [SpringApplicationShutdownHook] INFO  com.zaxxer.hikari.HikariDataSource - HikariPool-1 - Shutdown initiated...
2025-12-31 12:23:30 [SpringApplicationShutdownHook] INFO  com.zaxxer.hikari.HikariDataSource - HikariPool-1 - Shutdown completed.
2025-12-31 13:56:29 [main] INFO  o.m.ProjectSpringbatchApplication - Starting ProjectSpringbatchApplication using Java 21.0.3 with PID 13144 (C:\Users\Hp\Desktop\s5\spectateur-spring-batch-main\target\classes started by Hp in C:\Users\Hp\Desktop\s5\spectateur-spring-batch-main)
2025-12-31 13:56:29 [main] INFO  o.m.ProjectSpringbatchApplication - No active profile set, falling back to 1 default profile: "default"
2025-12-31 13:56:31 [main] INFO  o.s.boot.tomcat.TomcatWebServer - Tomcat initialized with port 8080 (http)
2025-12-31 13:56:31 [main] INFO  o.a.coyote.http11.Http11NioProtocol - Initializing ProtocolHandler ["http-nio-8080"]
2025-12-31 13:56:31 [main] INFO  o.a.catalina.core.StandardService - Starting service [Tomcat]
2025-12-31 13:56:31 [main] INFO  o.a.catalina.core.StandardEngine - Starting Servlet engine: [Apache Tomcat/11.0.14]
2025-12-31 13:56:32 [main] INFO  o.s.b.w.c.s.WebApplicationContextInitializer - Root WebApplicationContext: initialization completed in 2683 ms
2025-12-31 13:56:33 [main] INFO  o.s.o.j.p.SpringPersistenceUnitInfo - No LoadTimeWeaver setup: ignoring JPA class transformer
2025-12-31 13:56:33 [main] INFO  com.zaxxer.hikari.HikariDataSource - HikariPool-1 - Starting...
2025-12-31 13:56:33 [main] INFO  com.zaxxer.hikari.pool.HikariPool - HikariPool-1 - Added connection org.postgresql.jdbc.PgConnection@6ba226cd
2025-12-31 13:56:33 [main] INFO  com.zaxxer.hikari.HikariDataSource - HikariPool-1 - Start completed.
2025-12-31 13:56:33 [main] WARN  org.hibernate.orm.deprecation - HHH90000025: PostgreSQLDialect does not need to be specified explicitly using 'hibernate.dialect' (remove the property setting and it will be selected by default)
2025-12-31 13:56:36 [main] INFO  o.s.o.j.LocalContainerEntityManagerFactoryBean - Initialized JPA EntityManagerFactory for persistence unit 'default'
2025-12-31 13:56:37 [main] WARN  o.s.b.j.a.JpaBaseConfiguration$JpaWebConfiguration - spring.jpa.open-in-view is enabled by default. Therefore, database queries may be performed during view rendering. Explicitly configure spring.jpa.open-in-view to disable this warning
2025-12-31 13:56:38 [main] INFO  o.s.b.a.e.web.EndpointLinksResolver - Exposing 1 endpoint beneath base path '/actuator'
2025-12-31 13:56:38 [main] INFO  o.a.coyote.http11.Http11NioProtocol - Starting ProtocolHandler ["http-nio-8080"]
2025-12-31 13:56:38 [main] INFO  o.s.boot.tomcat.TomcatWebServer - Tomcat started on port 8080 (http) with context path '/'
2025-12-31 13:56:38 [main] INFO  o.m.ProjectSpringbatchApplication - Started ProjectSpringbatchApplication in 10.427 seconds (process running for 12.298)
2025-12-31 13:56:39 [RMI TCP Connection(4)-10.251.248.63] INFO  o.a.c.c.C.[Tomcat].[localhost].[/] - Initializing Spring DispatcherServlet 'dispatcherServlet'
2025-12-31 13:56:39 [RMI TCP Connection(4)-10.251.248.63] INFO  o.s.web.servlet.DispatcherServlet - Initializing Servlet 'dispatcherServlet'
2025-12-31 13:56:39 [RMI TCP Connection(4)-10.251.248.63] INFO  o.s.web.servlet.DispatcherServlet - Completed initialization in 3 ms
2025-12-31 13:56:44 [http-nio-8080-exec-1] INFO  o.s.b.c.l.s.TaskExecutorJobLauncher - Job: [SimpleJob: [name=spectateurJob]] launched with the following parameters: [{JobParameter{name='run.id', value=1767185804359, type=class java.lang.Long, identifying=true}}]
2025-12-31 13:56:44 [http-nio-8080-exec-1] INFO  o.s.batch.core.job.SimpleStepHandler - Executing step: [xmlStep]
2025-12-31 13:56:45 [http-nio-8080-exec-1] INFO  o.s.batch.core.step.AbstractStep - Step: [xmlStep] executed in 1s342ms
2025-12-31 13:56:45 [http-nio-8080-exec-1] INFO  o.s.batch.core.job.SimpleStepHandler - Executing step: [jsonStep]
2025-12-31 13:56:46 [http-nio-8080-exec-1] INFO  o.s.batch.core.step.AbstractStep - Step: [jsonStep] executed in 238ms
2025-12-31 13:56:46 [http-nio-8080-exec-1] INFO  o.s.batch.core.job.SimpleStepHandler - Executing step: [statisticsStep]
2025-12-31 13:56:46 [http-nio-8080-exec-1] INFO  o.s.batch.core.step.AbstractStep - Step: [statisticsStep] executed in 905ms
2025-12-31 13:56:46 [http-nio-8080-exec-1] INFO  o.s.b.c.l.s.TaskExecutorJobLauncher - Job: [SimpleJob: [name=spectateurJob]] completed with the following parameters: [{JobParameter{name='run.id', value=1767185804359, type=class java.lang.Long, identifying=true}}] and the following status: [COMPLETED] in 2s495ms
2025-12-31 14:03:41 [SpringApplicationShutdownHook] INFO  o.s.boot.tomcat.GracefulShutdown - Commencing graceful shutdown. Waiting for active requests to complete
2025-12-31 14:03:41 [tomcat-shutdown] INFO  o.s.boot.tomcat.GracefulShutdown - Graceful shutdown complete
2025-12-31 14:03:41 [SpringApplicationShutdownHook] INFO  o.s.o.j.LocalContainerEntityManagerFactoryBean - Closing JPA EntityManagerFactory for persistence unit 'default'
2025-12-31 14:03:41 [SpringApplicationShutdownHook] INFO  com.zaxxer.hikari.HikariDataSource - HikariPool-1 - Shutdown initiated...
2025-12-31 14:03:41 [SpringApplicationShutdownHook] INFO  com.zaxxer.hikari.HikariDataSource - HikariPool-1 - Shutdown completed.
